/etc/apache2/mods-enabled/authn_privsep.load
/etc/apache2/mods-enabled/privsep.load
/etc/apt/sources.list.d/egnyte.list
/etc/avahi/services/afp.service
/etc/avahi/services/cifs.service
/etc/cron.d/mdadm
/etc/cron.daily/apache2
/etc/cron.daily/apt
/etc/cron.daily/dpkg
/etc/cron.daily/mdadm
/etc/cron.daily/passwd
/etc/cron.daily/snapper
/etc/cron.hourly/snapper
/etc/default/config/etc/avahi/services/afp.service
/etc/default/config/etc/avahi/services/cifs.service
/etc/init.d/hwclock.sh
/etc/init.d/mtab.sh
/etc/init.d/nut-client
/etc/init.d/nut-server
/etc/init.d/ups-monitor
/etc/systemd/system/sockets.target.wants/acpid.socket
/etc/systemd/system/sockets.target.wants/clamav-daemon.socket
/etc/systemd/system/multi-user.target.wants/acpid.service
/etc/systemd/system/multi-user.target.wants/hwclock.timer
/etc/systemd/system/multi-user.target.wants/leafp2p.service
/etc/systemd/system/multi-user.target.wants/rdbroker.service
/etc/systemd/system/multi-user.target.wants/remote.service
/etc/systemd/system/multi-user.target.wants/xagent.service
/etc/frontview/apache/genie-proxy.conf
/etc/frontview/apache/webdav_auth.conf
/etc/init.d/ctscand
/etc/init.d/mdadm-raid
/home/admin
/lib/libcryptsetup.so.4
/lib/libcryptsetup.so.4.2.0
/lib/systemd/system/apt-update.service
/lib/systemd/system/apt-update.timer
/lib/systemd/system/clamav-daemon.socket
/lib/systemd/system/hwclock.service
/lib/systemd/system/hwclock.timer
/lib/systemd/system/rdbroker.service
/lib/systemd/system/udev-control.socket
/lib/systemd/system/udev-kernel.socket
/lib/systemd/system/sockets.target.wants/udev-control.socket
/lib/systemd/system/sockets.target.wants/udev-kernel.socket
/lib/udev/hwdb.bin
/lib/udev/rules.d/85-hdparm.rules
/opt/ctch/lib64/libaivse000.so
/opt/ctch/lib64/libaivse000.so.5
/opt/ctch/etc/init.d/rc.deb.ctscand
/opt/ctch/etc/ctavbase-x86_64.conf
/opt/ctch/etc/ctscand.conf
/opt/ctch/etc/sdcommands.conf
/opt/ctch/sbin/ctscand
/opt/ctch/share/aivsecon-v2.def
/opt/ctch/share/antivir-v2.def
/opt/ctch/share/antivir-v2.ini
/opt/ctch/share
/opt/ctch/sbin
/opt/ctch/bin
/opt/ctch/etc/init.d
/opt/ctch/lib64
/opt/ctch
/var/log/ctscand.log
/usr/lib/tmpfiles.d/ctscand.conf
/usr/lib/libapr-1.so.0
/usr/lib/libapr-1.so.0.4.6
/usr/lib/libaprutil-1.so.0
/usr/lib/libaprutil-1.so.0.4.1
/usr/lib/libbtrfs.so.0
/usr/lib/libbtrfs.so.0.1
/usr/lib/libcap-ng.so.0
/usr/lib/libcap-ng.so.0.0.0
/usr/lib/libcgicc.so.5
/usr/lib/libcgicc.so.5.0.2
/usr/lib/libcsv.so.3
/usr/lib/libcsv.so.3.0.2
/usr/lib/libdaemon.so.0
/usr/lib/libdaemon.so.0.5.0
/usr/lib/libdbi.so.1
/usr/lib/libdbi.so.1.0.0
/usr/lib/libGeoIP.so.1
/usr/lib/libGeoIP.so.1.4.8
/usr/lib/libnfnetlink.so.0
/usr/lib/libnfnetlink.so.0.2.0
/usr/lib/libntlm.so.0
/usr/lib/libntlm.so.0.0.17
/usr/lib/libsgutils2.so.2
/usr/lib/libsgutils2.so.2.0.0
/usr/lib/liburiparser.so.1
/usr/lib/liburiparser.so.1.0.16
/etc/apache2/mods-enabled/authz_default.load
/etc/apache2/mods-available/authz_default.load
/etc/apache2/mods-enabled/authn_default.load
/etc/apache2/mods-available/authn_default.load
/etc/apache2/mods-enabled/mpm_event.load
/etc/apache2/mods-enabled/mpm_event.conf
/etc/apache2/mods-enabled/authn_core.load
/etc/apache2/mods-enabled/authz_core.load
/etc/apache2/mods-enabled/socache_shmcb.load
/etc/apache2/mods-enabled/access_compat.load
/etc/apache2/mods-enabled/cgid.load
/etc/apache2/mods-enabled/cgid.conf
/var/log/audit/audit.log
